
[7m[1m[36m RUN [39m[22m[27m [36mv1.6.1[39m [90mF:/NSBM New/3rd Year/Final Project/I-CAMS/frontend[39m

 [33mΓ¥»[39m src/tests/utils.test.ts [2m ([22m[2m0 test[22m[2m)[22m
 [33mΓ¥»[39m src/tests/components.test.ts [2m ([22m[2m0 test[22m[2m)[22m

node.exe : 
[31mΓÄ»ΓÄ»ΓÄ»ΓÄ»ΓÄ»ΓÄ»[1m[7m Failed 
Suites 2 
[27m[22mΓÄ»ΓÄ»ΓÄ»ΓÄ»ΓÄ»ΓÄ»ΓÄ»[39m
At C:\Program Files\nodejs\npx.ps1:29 
char:3
+   & $NODE_EXE $NPX_CLI_JS $args
+   ~~~~~~~~~~~~~~~~~~~~~~~~~~~~~
    + CategoryInfo          : NotSpecif 
   ied: ([31mΓÄ»ΓÄ»ΓÄ»Γ...»ΓÄ»ΓÄ»ΓÄ»  
  [39m:String) [], RemoteException
    + FullyQualifiedErrorId : NativeCom 
   mandError
 

[31m[1m[7m FAIL [27m[22m[39m 
src/tests/components.test.ts [2m[ 
src/tests/components.test.ts ][22m
[31m[1m[7m FAIL [27m[22m[39m 
src/tests/utils.test.ts [2m[ 
src/tests/utils.test.ts ][22m
[31m[1mError[22m: Cannot find module 
'react'
Require stack:
- F:\NSBM New\3rd Year\Final Project\I-C
AMS\frontend\node_modules\@testing-libra
ry\react\dist\act-compat.js
- F:\NSBM New\3rd Year\Final Project\I-C
AMS\frontend\node_modules\@testing-libra
ry\react\dist\index.js[39m
[90m [2mΓ¥»[22m 
TracingChannel.traceSync node:diagnostic
s_channel:[2m322:14[22m[39m
[90m [2mΓ¥»[22m Object.<anonymous> no
de_modules/@testing-library/react/dist/a
ct-compat.js:[2m9:37[22m[39m

[31m[2mΓÄ»ΓÄ»ΓÄ»ΓÄ»ΓÄ»ΓÄ»ΓÄ»ΓÄ»ΓÄ»ΓÄ»Γ
Ä»ΓÄ»ΓÄ»ΓÄ»ΓÄ»ΓÄ»ΓÄ»ΓÄ»ΓÄ»ΓÄ»ΓÄ»ΓÄ»ΓÄ»ΓÄ
»ΓÄ»ΓÄ»ΓÄ»ΓÄ»ΓÄ»ΓÄ»[22m[39m
[31m[1mSerialized Error:[22m[39m 
[90m{ code: 'MODULE_NOT_FOUND', 
requireStack: [ 'F:\NSBM New\3rd 
Year\Final Project\I-CAMS\frontend\node_
modules\@testing-library\react\dist\act-
compat.js', 'F:\NSBM New\3rd Year\Final 
Project\I-CAMS\frontend\node_modules\@te
sting-library\react\dist\index.js' ] 
}[39m
[31m[2mΓÄ»ΓÄ»ΓÄ»ΓÄ»ΓÄ»ΓÄ»ΓÄ»ΓÄ»ΓÄ»ΓÄ»Γ
Ä»ΓÄ»ΓÄ»ΓÄ»ΓÄ»ΓÄ»ΓÄ»ΓÄ»ΓÄ»ΓÄ»ΓÄ»ΓÄ»ΓÄ»ΓÄ
»[1/2]ΓÄ»[22m[39m

[2m Test Files [22m [1m[31m2 failed[39m[22m[90m (2)[39m
[2m      Tests [22m [2mno tests[22m
[2m   Start at [22m 23:07:42
[2m   Duration [22m 1.87s[2m (transform 51ms, setup 0ms, collect 0ms, tests 0ms, environment 2.16s, prepare 542ms)[22m

